mode: set
config-analyzer/cmd/main.go:16.13,32.42 11 0
config-analyzer/cmd/main.go:32.42,34.3 1 0
config-analyzer/internal/cli/app.go:16.29,18.2 1 0
config-analyzer/internal/cli/app.go:20.80,22.16 2 0
config-analyzer/internal/cli/app.go:22.16,24.3 1 0
config-analyzer/internal/cli/app.go:25.2,27.35 2 0
config-analyzer/internal/cli/app.go:27.35,29.3 1 0
config-analyzer/internal/cli/app.go:30.2,30.12 1 0
config-analyzer/internal/cli/app.go:33.45,34.28 1 0
config-analyzer/internal/cli/app.go:34.28,35.24 1 0
config-analyzer/internal/cli/app.go:35.24,37.4 1 0
config-analyzer/internal/cli/app.go:39.2,39.14 1 0
config-analyzer/internal/cli/cmd.go:11.107,24.2 6 0
config-analyzer/internal/cli/cmd.go:26.57,45.55 2 0
config-analyzer/internal/cli/cmd.go:45.55,48.4 2 0
config-analyzer/internal/cli/cmd.go:51.2,55.12 4 0
config-analyzer/internal/cli/cmd.go:58.62,71.55 2 0
config-analyzer/internal/cli/cmd.go:71.55,73.4 1 0
config-analyzer/internal/cli/cmd.go:76.2,78.12 2 0
config-analyzer/internal/cli/cmd.go:81.65,92.55 2 0
config-analyzer/internal/cli/cmd.go:92.55,94.4 1 0
config-analyzer/internal/cli/cmd.go:97.2,99.12 2 0
config-analyzer/internal/cli/output.go:10.35,12.2 1 0
config-analyzer/internal/cli/output.go:14.34,16.2 1 0
config-analyzer/internal/cli/output.go:18.56,20.13 2 0
config-analyzer/internal/cli/output.go:20.13,22.3 1 0
config-analyzer/internal/cli/output.go:23.2,24.28 2 0
config-analyzer/internal/cli/output.go:24.28,26.3 1 0
config-analyzer/internal/cli/output.go:27.2,28.13 2 0
config-analyzer/internal/cli/output.go:29.9,30.13 1 0
config-analyzer/internal/cli/output.go:31.15,32.13 1 0
config-analyzer/internal/cli/output.go:33.10,34.14 1 0
config-analyzer/internal/cli/output.go:47.66,48.28 1 0
config-analyzer/internal/cli/output.go:48.28,49.12 1 0
config-analyzer/internal/cli/output.go:49.12,51.4 1 0
config-analyzer/internal/cli/output.go:53.3,53.15 1 0
config-analyzer/internal/cli/output.go:56.2,57.23 2 0
config-analyzer/internal/cli/output.go:60.32,61.9 1 0
config-analyzer/internal/cli/output.go:62.20,64.61 2 0
config-analyzer/internal/cli/output.go:66.25,69.31 3 0
config-analyzer/internal/cli/output.go:71.10,72.48 1 0
config-analyzer/internal/cli/output.go:76.47,79.27 2 0
config-analyzer/internal/cli/output.go:79.27,81.3 1 0
config-analyzer/internal/cli/output.go:83.2,95.28 3 0
config-analyzer/internal/cli/output.go:95.28,97.22 2 0
config-analyzer/internal/cli/output.go:97.22,98.12 1 0
config-analyzer/internal/cli/output.go:101.3,105.27 4 0
config-analyzer/internal/cli/output.go:105.27,109.30 3 0
config-analyzer/internal/cli/output.go:109.30,111.5 1 0
config-analyzer/internal/cli/output.go:116.37,117.24 1 0
config-analyzer/internal/cli/output.go:117.24,120.3 2 0
config-analyzer/internal/cli/output.go:122.2,127.3 2 0
config-analyzer/internal/server/shutdown.go:12.19,14.2 1 0
config-analyzer/internal/server/shutdown.go:16.40,20.2 3 0
config-analyzer/internal/server/shutdown.go:22.84,28.38 4 0
config-analyzer/internal/server/shutdown.go:28.38,30.3 1 0
config-analyzer/internal/server/shutdown.go:32.2,33.12 2 0
config-analyzer/internal/grpc/proto/service.pb.go:49.32,53.2 3 0
config-analyzer/internal/grpc/proto/service.pb.go:55.33,57.2 1 0
config-analyzer/internal/grpc/proto/service.pb.go:59.56,61.2 1 0
config-analyzer/internal/grpc/proto/service.pb.go:63.44,65.2 1 0
config-analyzer/internal/grpc/proto/service.pb.go:67.50,69.2 1 0
config-analyzer/internal/grpc/proto/service.pb.go:72.48,74.2 1 0
config-analyzer/internal/grpc/proto/service.pb.go:83.33,88.2 4 0
config-analyzer/internal/grpc/proto/service.pb.go:90.41,92.2 1 0
config-analyzer/internal/grpc/proto/service.pb.go:94.39,94.40 0 0
config-analyzer/internal/grpc/proto/service.pb.go:96.61,98.14 2 0
config-analyzer/internal/grpc/proto/service.pb.go:98.14,100.34 2 0
config-analyzer/internal/grpc/proto/service.pb.go:100.34,102.4 1 0
config-analyzer/internal/grpc/proto/service.pb.go:103.3,103.12 1 0
config-analyzer/internal/grpc/proto/service.pb.go:105.2,105.24 1 0
config-analyzer/internal/grpc/proto/service.pb.go:109.52,111.2 1 0
config-analyzer/internal/grpc/proto/service.pb.go:113.45,114.14 1 0
config-analyzer/internal/grpc/proto/service.pb.go:114.14,116.3 1 0
config-analyzer/internal/grpc/proto/service.pb.go:117.2,117.12 1 0
config-analyzer/internal/grpc/proto/service.pb.go:131.26,136.2 4 0
config-analyzer/internal/grpc/proto/service.pb.go:138.34,140.2 1 0
config-analyzer/internal/grpc/proto/service.pb.go:142.32,142.33 0 0
config-analyzer/internal/grpc/proto/service.pb.go:144.54,146.14 2 0
config-analyzer/internal/grpc/proto/service.pb.go:146.14,148.34 2 0
config-analyzer/internal/grpc/proto/service.pb.go:148.34,150.4 1 0
config-analyzer/internal/grpc/proto/service.pb.go:151.3,151.12 1 0
config-analyzer/internal/grpc/proto/service.pb.go:153.2,153.24 1 0
config-analyzer/internal/grpc/proto/service.pb.go:157.45,159.2 1 0
config-analyzer/internal/grpc/proto/service.pb.go:161.38,162.14 1 0
config-analyzer/internal/grpc/proto/service.pb.go:162.14,164.3 1 0
config-analyzer/internal/grpc/proto/service.pb.go:165.2,165.12 1 0
config-analyzer/internal/grpc/proto/service.pb.go:168.34,169.14 1 0
config-analyzer/internal/grpc/proto/service.pb.go:169.14,171.3 1 0
config-analyzer/internal/grpc/proto/service.pb.go:172.2,172.12 1 0
config-analyzer/internal/grpc/proto/service.pb.go:175.32,176.14 1 0
config-analyzer/internal/grpc/proto/service.pb.go:176.14,178.3 1 0
config-analyzer/internal/grpc/proto/service.pb.go:179.2,179.12 1 0
config-analyzer/internal/grpc/proto/service.pb.go:182.32,183.14 1 0
config-analyzer/internal/grpc/proto/service.pb.go:183.14,185.3 1 0
config-analyzer/internal/grpc/proto/service.pb.go:186.2,186.12 1 0
config-analyzer/internal/grpc/proto/service.pb.go:189.40,190.14 1 0
config-analyzer/internal/grpc/proto/service.pb.go:190.14,192.3 1 0
config-analyzer/internal/grpc/proto/service.pb.go:193.2,193.12 1 0
config-analyzer/internal/grpc/proto/service.pb.go:204.26,209.2 4 0
config-analyzer/internal/grpc/proto/service.pb.go:211.34,213.2 1 0
config-analyzer/internal/grpc/proto/service.pb.go:215.32,215.33 0 0
config-analyzer/internal/grpc/proto/service.pb.go:217.54,219.14 2 0
config-analyzer/internal/grpc/proto/service.pb.go:219.14,221.34 2 0
config-analyzer/internal/grpc/proto/service.pb.go:221.34,223.4 1 0
config-analyzer/internal/grpc/proto/service.pb.go:224.3,224.12 1 0
config-analyzer/internal/grpc/proto/service.pb.go:226.2,226.24 1 0
config-analyzer/internal/grpc/proto/service.pb.go:230.45,232.2 1 0
config-analyzer/internal/grpc/proto/service.pb.go:234.35,235.14 1 0
config-analyzer/internal/grpc/proto/service.pb.go:235.14,237.3 1 0
config-analyzer/internal/grpc/proto/service.pb.go:238.2,238.11 1 0
config-analyzer/internal/grpc/proto/service.pb.go:241.34,242.14 1 0
config-analyzer/internal/grpc/proto/service.pb.go:242.14,244.3 1 0
config-analyzer/internal/grpc/proto/service.pb.go:245.2,245.10 1 0
config-analyzer/internal/grpc/proto/service.pb.go:255.24,260.2 4 0
config-analyzer/internal/grpc/proto/service.pb.go:262.32,264.2 1 0
config-analyzer/internal/grpc/proto/service.pb.go:266.30,266.31 0 0
config-analyzer/internal/grpc/proto/service.pb.go:268.52,270.14 2 0
config-analyzer/internal/grpc/proto/service.pb.go:270.14,272.34 2 0
config-analyzer/internal/grpc/proto/service.pb.go:272.34,274.4 1 0
config-analyzer/internal/grpc/proto/service.pb.go:275.3,275.12 1 0
config-analyzer/internal/grpc/proto/service.pb.go:277.2,277.24 1 0
config-analyzer/internal/grpc/proto/service.pb.go:281.43,283.2 1 0
config-analyzer/internal/grpc/proto/service.pb.go:285.37,286.14 1 0
config-analyzer/internal/grpc/proto/service.pb.go:286.14,288.3 1 0
config-analyzer/internal/grpc/proto/service.pb.go:289.2,289.11 1 0
config-analyzer/internal/grpc/proto/service.pb.go:300.23,305.2 4 0
config-analyzer/internal/grpc/proto/service.pb.go:307.31,309.2 1 0
config-analyzer/internal/grpc/proto/service.pb.go:311.29,311.30 0 0
config-analyzer/internal/grpc/proto/service.pb.go:313.51,315.14 2 0
config-analyzer/internal/grpc/proto/service.pb.go:315.14,317.34 2 0
config-analyzer/internal/grpc/proto/service.pb.go:317.34,319.4 1 0
config-analyzer/internal/grpc/proto/service.pb.go:320.3,320.12 1 0
config-analyzer/internal/grpc/proto/service.pb.go:322.2,322.24 1 0
config-analyzer/internal/grpc/proto/service.pb.go:326.42,328.2 1 0
config-analyzer/internal/grpc/proto/service.pb.go:330.34,331.14 1 0
config-analyzer/internal/grpc/proto/service.pb.go:331.14,333.3 1 0
config-analyzer/internal/grpc/proto/service.pb.go:334.2,334.11 1 0
config-analyzer/internal/grpc/proto/service.pb.go:337.33,338.14 1 0
config-analyzer/internal/grpc/proto/service.pb.go:338.14,340.3 1 0
config-analyzer/internal/grpc/proto/service.pb.go:341.2,341.11 1 0
config-analyzer/internal/grpc/proto/service.pb.go:351.23,356.2 4 0
config-analyzer/internal/grpc/proto/service.pb.go:358.31,360.2 1 0
config-analyzer/internal/grpc/proto/service.pb.go:362.29,362.30 0 0
config-analyzer/internal/grpc/proto/service.pb.go:364.51,366.14 2 0
config-analyzer/internal/grpc/proto/service.pb.go:366.14,368.34 2 0
config-analyzer/internal/grpc/proto/service.pb.go:368.34,370.4 1 0
config-analyzer/internal/grpc/proto/service.pb.go:371.3,371.12 1 0
config-analyzer/internal/grpc/proto/service.pb.go:373.2,373.24 1 0
config-analyzer/internal/grpc/proto/service.pb.go:377.42,379.2 1 0
config-analyzer/internal/grpc/proto/service.pb.go:381.33,382.14 1 0
config-analyzer/internal/grpc/proto/service.pb.go:382.14,384.3 1 0
config-analyzer/internal/grpc/proto/service.pb.go:385.2,385.14 1 0
config-analyzer/internal/grpc/proto/service.pb.go:395.27,400.2 4 0
config-analyzer/internal/grpc/proto/service.pb.go:402.35,404.2 1 0
config-analyzer/internal/grpc/proto/service.pb.go:406.33,406.34 0 0
config-analyzer/internal/grpc/proto/service.pb.go:408.55,410.14 2 0
config-analyzer/internal/grpc/proto/service.pb.go:410.14,412.34 2 0
config-analyzer/internal/grpc/proto/service.pb.go:412.34,414.4 1 0
config-analyzer/internal/grpc/proto/service.pb.go:415.3,415.12 1 0
config-analyzer/internal/grpc/proto/service.pb.go:417.2,417.24 1 0
config-analyzer/internal/grpc/proto/service.pb.go:421.46,423.2 1 0
config-analyzer/internal/grpc/proto/service.pb.go:425.47,426.14 1 0
config-analyzer/internal/grpc/proto/service.pb.go:426.14,428.3 1 0
config-analyzer/internal/grpc/proto/service.pb.go:429.2,429.11 1 0
config-analyzer/internal/grpc/proto/service.pb.go:442.25,447.2 4 0
config-analyzer/internal/grpc/proto/service.pb.go:449.33,451.2 1 0
config-analyzer/internal/grpc/proto/service.pb.go:453.31,453.32 0 0
config-analyzer/internal/grpc/proto/service.pb.go:455.53,457.14 2 0
config-analyzer/internal/grpc/proto/service.pb.go:457.14,459.34 2 0
config-analyzer/internal/grpc/proto/service.pb.go:459.34,461.4 1 0
config-analyzer/internal/grpc/proto/service.pb.go:462.3,462.12 1 0
config-analyzer/internal/grpc/proto/service.pb.go:464.2,464.24 1 0
config-analyzer/internal/grpc/proto/service.pb.go:468.44,470.2 1 0
config-analyzer/internal/grpc/proto/service.pb.go:472.38,473.14 1 0
config-analyzer/internal/grpc/proto/service.pb.go:473.14,475.3 1 0
config-analyzer/internal/grpc/proto/service.pb.go:476.2,476.11 1 0
config-analyzer/internal/grpc/proto/service.pb.go:479.37,480.14 1 0
config-analyzer/internal/grpc/proto/service.pb.go:480.14,482.3 1 0
config-analyzer/internal/grpc/proto/service.pb.go:483.2,483.11 1 0
config-analyzer/internal/grpc/proto/service.pb.go:486.44,487.14 1 0
config-analyzer/internal/grpc/proto/service.pb.go:487.14,489.3 1 0
config-analyzer/internal/grpc/proto/service.pb.go:490.2,490.11 1 0
config-analyzer/internal/grpc/proto/service.pb.go:493.34,494.14 1 0
config-analyzer/internal/grpc/proto/service.pb.go:494.14,496.3 1 0
config-analyzer/internal/grpc/proto/service.pb.go:497.2,497.11 1 0
config-analyzer/internal/grpc/proto/service.pb.go:509.35,514.2 4 0
config-analyzer/internal/grpc/proto/service.pb.go:516.43,518.2 1 0
config-analyzer/internal/grpc/proto/service.pb.go:520.41,520.42 0 0
config-analyzer/internal/grpc/proto/service.pb.go:522.63,524.14 2 0
config-analyzer/internal/grpc/proto/service.pb.go:524.14,526.34 2 0
config-analyzer/internal/grpc/proto/service.pb.go:526.34,528.4 1 0
config-analyzer/internal/grpc/proto/service.pb.go:529.3,529.12 1 0
config-analyzer/internal/grpc/proto/service.pb.go:531.2,531.24 1 0
config-analyzer/internal/grpc/proto/service.pb.go:535.54,537.2 1 0
config-analyzer/internal/grpc/proto/service.pb.go:539.46,540.14 1 0
config-analyzer/internal/grpc/proto/service.pb.go:540.14,542.3 1 0
config-analyzer/internal/grpc/proto/service.pb.go:543.2,543.23 1 0
config-analyzer/internal/grpc/proto/service.pb.go:546.48,547.14 1 0
config-analyzer/internal/grpc/proto/service.pb.go:547.14,549.3 1 0
config-analyzer/internal/grpc/proto/service.pb.go:550.2,550.12 1 0
config-analyzer/internal/grpc/proto/service.pb.go:553.52,554.14 1 0
config-analyzer/internal/grpc/proto/service.pb.go:554.14,556.3 1 0
config-analyzer/internal/grpc/proto/service.pb.go:557.2,557.11 1 0
config-analyzer/internal/grpc/proto/service.pb.go:608.66,609.63 1 0
config-analyzer/internal/grpc/proto/service.pb.go:609.63,611.3 1 0
config-analyzer/internal/grpc/proto/service.pb.go:612.2,612.59 1 0
config-analyzer/internal/grpc/proto/service.pb.go:647.13,647.62 1 0
config-analyzer/internal/grpc/proto/service.pb.go:648.52,649.51 1 0
config-analyzer/internal/grpc/proto/service.pb.go:649.51,651.3 1 0
config-analyzer/internal/grpc/proto/service.pb.go:652.2,669.54 5 0
config-analyzer/internal/grpc/proto/service_grpc.pb.go:36.82,38.2 1 0
config-analyzer/internal/grpc/proto/service_grpc.pb.go:40.132,44.16 4 0
config-analyzer/internal/grpc/proto/service_grpc.pb.go:44.16,46.3 1 0
config-analyzer/internal/grpc/proto/service_grpc.pb.go:47.2,47.17 1 0
config-analyzer/internal/grpc/proto/service_grpc.pb.go:65.110,67.2 1 0
config-analyzer/internal/grpc/proto/service_grpc.pb.go:68.90,68.91 0 0
config-analyzer/internal/grpc/proto/service_grpc.pb.go:69.90,69.91 0 0
config-analyzer/internal/grpc/proto/service_grpc.pb.go:78.88,83.59 1 0
config-analyzer/internal/grpc/proto/service_grpc.pb.go:83.59,85.3 1 0
config-analyzer/internal/grpc/proto/service_grpc.pb.go:86.2,86.54 1 0
config-analyzer/internal/grpc/proto/service_grpc.pb.go:89.168,91.32 2 0
config-analyzer/internal/grpc/proto/service_grpc.pb.go:91.32,93.3 1 0
config-analyzer/internal/grpc/proto/service_grpc.pb.go:94.2,94.24 1 0
config-analyzer/internal/grpc/proto/service_grpc.pb.go:94.24,96.3 1 0
config-analyzer/internal/grpc/proto/service_grpc.pb.go:97.2,101.77 2 0
config-analyzer/internal/grpc/proto/service_grpc.pb.go:101.77,103.3 1 0
config-analyzer/internal/grpc/proto/service_grpc.pb.go:104.2,104.44 1 0
config-analyzer/internal/analyzer/analyzer.go:12.39,14.2 1 1
config-analyzer/internal/analyzer/analyzer.go:16.61,17.16 1 1
config-analyzer/internal/analyzer/analyzer.go:17.16,21.3 1 1
config-analyzer/internal/analyzer/analyzer.go:23.2,25.28 2 1
config-analyzer/internal/analyzer/analyzer.go:25.28,26.42 1 1
config-analyzer/internal/analyzer/analyzer.go:26.42,28.4 1 1
config-analyzer/internal/analyzer/analyzer.go:31.2,31.15 1 1
config-analyzer/internal/config/loader.go:19.26,21.2 1 1
config-analyzer/internal/config/loader.go:23.63,26.46 2 1
config-analyzer/internal/config/loader.go:26.46,27.12 1 1
config-analyzer/internal/config/loader.go:28.15,29.33 1 1
config-analyzer/internal/config/loader.go:30.15,31.33 1 1
config-analyzer/internal/config/loader.go:32.11,33.14 1 1
config-analyzer/internal/config/loader.go:37.2,37.68 1 1
config-analyzer/internal/config/loader.go:37.68,39.3 1 1
config-analyzer/internal/config/loader.go:39.8,39.29 1 1
config-analyzer/internal/config/loader.go:39.29,41.3 1 1
config-analyzer/internal/config/loader.go:43.2,43.50 1 1
config-analyzer/internal/config/loader.go:43.50,45.3 1 1
config-analyzer/internal/config/loader.go:46.2,46.50 1 1
config-analyzer/internal/config/loader.go:46.50,48.3 1 1
config-analyzer/internal/config/loader.go:49.2,49.66 1 0
config-analyzer/internal/config/loader.go:52.71,54.16 2 1
config-analyzer/internal/config/loader.go:54.16,56.3 1 1
config-analyzer/internal/config/loader.go:58.2,60.13 3 1
config-analyzer/internal/config/loader.go:61.15,62.18 1 1
config-analyzer/internal/config/loader.go:63.23,64.18 1 1
config-analyzer/internal/config/loader.go:65.10,66.18 1 1
config-analyzer/internal/config/loader.go:69.2,70.16 2 1
config-analyzer/internal/config/loader.go:70.16,72.3 1 1
config-analyzer/internal/config/loader.go:73.2,73.17 1 1
config-analyzer/internal/config/loader.go:76.98,79.20 2 1
config-analyzer/internal/config/loader.go:79.20,81.3 1 1
config-analyzer/internal/config/loader.go:83.2,83.58 1 1
config-analyzer/internal/config/loader.go:83.58,85.3 1 1
config-analyzer/internal/config/loader.go:87.2,87.18 1 1
config-analyzer/internal/config/loader.go:87.18,89.3 1 1
config-analyzer/internal/config/loader.go:91.2,91.28 1 1
config-analyzer/internal/config/loader.go:94.99,95.13 1 1
config-analyzer/internal/config/loader.go:95.13,97.17 2 0
config-analyzer/internal/config/loader.go:97.17,99.4 1 0
config-analyzer/internal/config/loader.go:100.3,100.54 1 0
config-analyzer/internal/config/loader.go:103.2,103.20 1 1
config-analyzer/internal/config/loader.go:103.20,105.3 1 1
config-analyzer/internal/config/loader.go:107.2,107.32 1 1
config-analyzer/internal/grpc/server.go:22.44,27.2 1 1
config-analyzer/internal/grpc/server.go:29.41,31.16 2 0
config-analyzer/internal/grpc/server.go:31.16,33.3 1 0
config-analyzer/internal/grpc/server.go:35.2,39.12 4 0
config-analyzer/internal/grpc/server.go:39.12,41.49 2 0
config-analyzer/internal/grpc/server.go:41.49,43.4 1 0
config-analyzer/internal/grpc/server.go:46.2,46.9 1 0
config-analyzer/internal/grpc/server.go:47.22,48.13 1 0
config-analyzer/internal/grpc/server.go:49.33,49.33 0 0
config-analyzer/internal/grpc/server.go:52.2,52.73 1 0
config-analyzer/internal/grpc/server.go:52.73,55.3 2 0
config-analyzer/internal/grpc/server.go:58.99,59.34 1 1
config-analyzer/internal/grpc/server.go:59.34,61.3 1 0
config-analyzer/internal/grpc/server.go:63.2,64.16 2 1
config-analyzer/internal/grpc/server.go:64.16,69.3 1 1
config-analyzer/internal/grpc/server.go:71.2,77.21 3 1
config-analyzer/internal/grpc/server.go:77.21,80.32 3 1
config-analyzer/internal/grpc/server.go:80.32,87.4 1 1
config-analyzer/internal/grpc/server.go:90.2,90.18 1 1
config-analyzer/internal/rule/log.go:11.56,14.22 2 1
config-analyzer/internal/rule/log.go:14.22,21.3 1 1
config-analyzer/internal/rule/log.go:22.2,22.12 1 1
config-analyzer/internal/rule/password.go:11.61,14.40 2 1
config-analyzer/internal/rule/password.go:14.40,21.3 1 1
config-analyzer/internal/rule/password.go:22.2,22.12 1 1
config-analyzer/internal/rule/password.go:25.28,26.35 1 1
config-analyzer/internal/rule/password.go:26.35,28.3 1 1
config-analyzer/internal/rule/password.go:29.2,29.14 1 1
config-analyzer/internal/rule/permissions.go:16.57,18.2 1 0
config-analyzer/internal/rule/permissions.go:20.42,22.16 2 1
config-analyzer/internal/rule/permissions.go:22.16,24.3 1 1
config-analyzer/internal/rule/permissions.go:25.2,25.38 1 0
config-analyzer/internal/rule/permissions.go:28.65,31.20 2 1
config-analyzer/internal/rule/permissions.go:31.20,38.3 1 1
config-analyzer/internal/rule/permissions.go:40.2,40.12 1 1
config-analyzer/internal/rule/rule.go:10.31,18.2 1 0
config-analyzer/internal/rule/server.go:7.59,10.18 2 1
config-analyzer/internal/rule/server.go:10.18,17.3 1 1
config-analyzer/internal/rule/server.go:19.2,19.25 1 1
config-analyzer/internal/rule/server.go:19.25,26.3 1 1
config-analyzer/internal/rule/server.go:28.2,28.12 1 1
config-analyzer/internal/rule/storage.go:12.60,15.37 2 1
config-analyzer/internal/rule/storage.go:15.37,22.3 1 1
config-analyzer/internal/rule/storage.go:23.2,23.12 1 1
config-analyzer/internal/rule/tls.go:7.56,8.22 1 1
config-analyzer/internal/rule/tls.go:8.22,15.3 1 1
config-analyzer/internal/rule/tls.go:16.2,16.12 1 1
config-analyzer/internal/http/handler.go:31.46,33.2 1 1
config-analyzer/internal/http/handler.go:35.67,38.33 2 1
config-analyzer/internal/http/handler.go:38.33,41.3 2 1
config-analyzer/internal/http/handler.go:43.2,47.9 4 1
config-analyzer/internal/http/handler.go:48.83,49.44 1 0
config-analyzer/internal/http/handler.go:50.10,51.44 1 1
config-analyzer/internal/http/handler.go:54.2,54.16 1 1
config-analyzer/internal/http/handler.go:54.16,63.3 5 1
config-analyzer/internal/http/handler.go:65.2,68.21 3 1
config-analyzer/internal/http/handler.go:68.21,70.3 1 1
config-analyzer/internal/http/handler.go:72.2,78.56 3 1
config-analyzer/internal/http/handler.go:78.56,81.3 2 0
config-analyzer/internal/http/router.go:5.49,9.2 3 1
config-analyzer/internal/http/server.go:14.46,16.2 1 0
config-analyzer/internal/http/server.go:18.41,25.12 3 0
config-analyzer/internal/http/server.go:25.12,27.84 2 0
config-analyzer/internal/http/server.go:27.84,29.4 1 0
config-analyzer/internal/http/server.go:32.2,32.9 1 0
config-analyzer/internal/http/server.go:33.22,34.13 1 0
config-analyzer/internal/http/server.go:35.33,35.33 0 0
config-analyzer/internal/http/server.go:38.2,38.61 1 0
config-analyzer/internal/service/analyze.go:9.84,11.16 2 1
config-analyzer/internal/service/analyze.go:11.16,13.3 1 1
config-analyzer/internal/service/analyze.go:15.2,15.21 1 1
config-analyzer/internal/service/analyze.go:15.21,17.3 1 1
config-analyzer/internal/service/analyze.go:19.2,21.44 2 1
config-analyzer/internal/service/analyze.go:24.87,26.16 2 1
config-analyzer/internal/service/analyze.go:26.16,28.3 1 1
config-analyzer/internal/service/analyze.go:30.2,42.21 4 1
config-analyzer/internal/service/analyze.go:42.21,44.3 1 1
config-analyzer/internal/service/analyze.go:46.2,46.45 1 1
config-analyzer/internal/service/analyze.go:49.66,54.26 4 1
config-analyzer/internal/service/analyze.go:54.26,58.33 3 1
config-analyzer/internal/service/analyze.go:58.33,60.17 2 1
config-analyzer/internal/service/analyze.go:60.17,60.26 1 1
config-analyzer/internal/service/analyze.go:62.4,63.18 2 1
config-analyzer/internal/service/analyze.go:63.18,66.5 2 1
config-analyzer/internal/service/analyze.go:68.4,70.59 2 1
config-analyzer/internal/service/analyze.go:70.59,72.5 1 0
config-analyzer/internal/service/analyze.go:74.4,77.5 1 1
config-analyzer/internal/service/analyze.go:81.2,82.16 2 1
config-analyzer/internal/service/files.go:10.50,14.16 3 1
config-analyzer/internal/service/files.go:14.16,16.3 1 1
config-analyzer/internal/service/files.go:18.2,18.19 1 1
config-analyzer/internal/service/files.go:18.19,20.17 2 1
config-analyzer/internal/service/files.go:20.17,22.4 1 0
config-analyzer/internal/service/files.go:23.3,25.29 2 1
config-analyzer/internal/service/files.go:28.2,28.78 1 1
config-analyzer/internal/service/files.go:28.78,29.17 1 1
config-analyzer/internal/service/files.go:29.17,31.4 1 0
config-analyzer/internal/service/files.go:33.3,33.16 1 1
config-analyzer/internal/service/files.go:33.16,35.4 1 1
config-analyzer/internal/service/files.go:37.3,37.22 1 1
config-analyzer/internal/service/files.go:37.22,39.4 1 1
config-analyzer/internal/service/files.go:41.3,41.13 1 1
config-analyzer/internal/service/files.go:44.2,44.19 1 1
config-analyzer/internal/service/files.go:47.37,50.2 2 1
config-analyzer/internal/service/mapper.go:10.61,11.18 1 1
config-analyzer/internal/service/mapper.go:11.18,13.3 1 1
config-analyzer/internal/service/mapper.go:15.2,17.25 2 1
config-analyzer/internal/service/mapper.go:17.25,20.3 2 1
config-analyzer/internal/service/mapper.go:22.2,22.23 1 1
config-analyzer/internal/service/mapper.go:22.23,24.3 1 1
config-analyzer/internal/service/mapper.go:26.2,26.22 1 1
config-analyzer/internal/service/mapper.go:26.22,29.3 2 1
config-analyzer/internal/service/mapper.go:31.2,31.22 1 1
config-analyzer/internal/service/mapper.go:31.22,33.3 1 1
config-analyzer/internal/service/mapper.go:35.2,35.26 1 1
config-analyzer/internal/service/mapper.go:35.26,37.3 1 1
config-analyzer/internal/service/mapper.go:39.2,39.17 1 1
config-analyzer/internal/service/runner.go:8.105,9.11 1 1
config-analyzer/internal/service/runner.go:9.11,11.3 1 1
config-analyzer/internal/service/runner.go:13.2,13.20 1 1
config-analyzer/internal/service/runner.go:13.20,15.3 1 1
config-analyzer/internal/service/runner.go:17.2,17.31 1 1
config-analyzer/internal/service/service.go:21.63,22.17 1 1
config-analyzer/internal/service/service.go:22.17,24.3 1 0
config-analyzer/internal/service/service.go:25.2,29.3 1 1
config-analyzer/internal/service/summary.go:5.58,8.28 2 1
config-analyzer/internal/service/summary.go:8.28,9.24 1 1
config-analyzer/internal/service/summary.go:9.24,12.4 2 1
config-analyzer/internal/service/summary.go:15.2,15.12 1 1
